#domain
  %s == nil

#domain_id
  %s %ERROR{AttributeNotSupported}


#status
  %s %ERROR{ResponseIsUnavailable}

#available?
  %s %ERROR{ResponseIsUnavailable}

#registered?
  %s %ERROR{ResponseIsUnavailable}


#created_on
  %s == nil

#updated_on
  %s %ERROR{AttributeNotSupported}

#expires_on
  %s == nil


#nameservers
  %s %ERROR{AttributeNotSupported}
